// Jest Snapshot v1, https://goo.gl/fbAQLP

exports[`Docusaurus: Defaults should generate typedoc sidebar 1`] = `
"// @ts-check
/** @type {import('@docusaurus/plugin-content-docs').SidebarsConfig} */
const typedocSidebar = { items: [{"type":"category","label":"module-1","items":[{"type":"category","label":"Classes","items":[{"type":"doc","id":"/module-1/classes/ClassA","label":"ClassA"},{"type":"doc","id":"/module-1/classes/ClassB","label":"ClassB"}]},{"type":"category","label":"Interfaces","items":[{"type":"doc","id":"/module-1/interfaces/InterfaceA","label":"InterfaceA"},{"type":"doc","id":"/module-1/interfaces/InterfaceB","label":"InterfaceB"}]}],"link":{"type":"doc","id":"/module-1/index"}},{"type":"category","label":"module-2","items":[{"type":"category","label":"Classes","items":[{"type":"doc","id":"/module-2/classes/ClassA","label":"ClassA"},{"type":"doc","id":"/module-2/classes/ClassB","label":"ClassB"}]},{"type":"category","label":"Interfaces","items":[{"type":"doc","id":"/module-2/interfaces/InterfaceA","label":"InterfaceA"},{"type":"doc","id":"/module-2/interfaces/InterfaceB","label":"InterfaceB"}]}],"link":{"type":"doc","id":"/module-2/index"}}]};
module.exports = typedocSidebar.items;"
`;

exports[`Docusaurus: Defaults should render 1`] = `
"# docusaurus-plugin-typedoc

## Modules

- [module-1](module-1/index.md)
- [module-2](module-2/index.md)
"
`;

exports[`Docusaurus: Global members should generate typedoc sidebar 2 1`] = `
"// @ts-check
/** @type {import('@docusaurus/plugin-content-docs').SidebarsConfig} */
const typedocSidebar = { items: [{"type":"category","label":"module-1","items":[{"type":"category","label":"Classes","items":[{"type":"doc","id":"/module-1/classes/ClassA","label":"ClassA"},{"type":"doc","id":"/module-1/classes/ClassB","label":"ClassB"}]},{"type":"category","label":"Interfaces","items":[{"type":"doc","id":"/module-1/interfaces/InterfaceA","label":"InterfaceA"},{"type":"doc","id":"/module-1/interfaces/InterfaceB","label":"InterfaceB"}]}],"link":{"type":"doc","id":"/module-1/index"}},{"type":"category","label":"module-2","items":[{"type":"category","label":"Classes","items":[{"type":"doc","id":"/module-2/classes/ClassA","label":"ClassA"},{"type":"doc","id":"/module-2/classes/ClassB","label":"ClassB"}]},{"type":"category","label":"Interfaces","items":[{"type":"doc","id":"/module-2/interfaces/InterfaceA","label":"InterfaceA"},{"type":"doc","id":"/module-2/interfaces/InterfaceB","label":"InterfaceB"}]}],"link":{"type":"doc","id":"/module-2/index"}}]};
module.exports = typedocSidebar.items;"
`;

exports[`Docusaurus: Global members should render 2 1`] = `
"# docusaurus-plugin-typedoc

## Modules

- [module-1](module-1/index.md)
- [module-2](module-2/index.md)
"
`;
